"TYPE2","TYPE4","TYPE6","TYPE8","TYPE9","TYPE10","TYPE11","TYPE12"
"test1","2016-01-01","AADDSS","10.23","TESTDDDD","1997-01-31 09:26:50","PPPPP",".22"
"test2","2016-01-01","AADDSS","10.23","TESTDDDD","1997-01-31 09:26:50.123457","PPPPP",".22"
