"TYPE1","TYPE2","TYPE3","TYPE4","TYPE5","TYPE6","TYPE7","TYPE9","TYPE11","TYPE12","TYPE13","TYPE14","TYPE15","TYPE16"
"123","ea01","dda2","test","AAAAA","2016-01-01","10","22","1010010.0","23","12:22:33","2016-01-01 12:22:22.876","DDDSSSDDD","ssDDDssaAA"
