"TYPE1","TYPE3","TYPE4","TYPE5","TYPE6","TYPE7","TYPE8","TYPE9","TYPE10","TYPE11","TYPE12","TYPE13","TYPE14","TYPE15","TYPE16","TYPE17","TYPE18","TYPE19","TYPE20","TYPE21","TYPE22","TYPE23","TYPE24","TYPE25","TYPE26","TYPE27","TYPE28","TYPE29","TYPE30","TYPE31"
"123","1","test1","2016-02-01","2016-02-01 11:54:20.877","2016-02-02 12:54:20.8760000","2016-02-02 12:54:20.8720000 +00:00","22.31","0.09","0101","000101001111","3","1.2200","test1","AADDDSS","999.00","DDSSS","あああ","1.2900222E7","2016-01-01 03:12:00.0","1","1.2000","text","11:44:35.1234567","2","DF215E10-8BD4-4401-B2DC-99BB03135F2E","000101001100","000101001100","あああおおお","テストああああ"
