"type1","type4","type6","type7","type8","type9","type10","type11","type13","type14","type15","type16"
"1","t","TEST","2016-01-01","0.1","11","10.42","0.2","9","test2","2016-01-01 10:20:30","TestData"
